Command line invocation:
    /Applications/Xcode.app/Contents/Developer/usr/bin/xcodebuild -project Apps/SmartPromptingiOS/SmartPromptingiOS.xcodeproj -scheme SmartPromptingiOS -configuration Debug -sdk iphoneos -destination id=00008120-001634323C50C01E -allowProvisioningUpdates build

Build settings from command line:
    SDKROOT = iphoneos26.4

Resolve Package Graph


Resolved source packages:
  swift-argument-parser: https://github.com/apple/swift-argument-parser.git @ 1.7.1
  Yams: https://github.com/jpsim/Yams.git @ 5.4.0
  SmartPrompting: /Users/kip/workspace/smart-prompting
  GRDB: https://github.com/groue/GRDB.swift.git @ 6.29.3

ComputePackagePrebuildTargetDependencyGraph

Prepare packages

CreateBuildRequest

SendProjectDescription

CreateBuildOperation

ComputeTargetDependencyGraph
note: Building targets in dependency order
note: Target dependency graph (12 targets)
    Target 'SmartPromptingiOS' in project 'SmartPromptingiOS'
        ➜ Explicit dependency on target 'SmartPromptingKeyboard' in project 'SmartPromptingiOS'
        ➜ Explicit dependency on target 'SmartPromptingShare' in project 'SmartPromptingiOS'
        ➜ Explicit dependency on target 'SmartPromptingCore' in project 'SmartPrompting'
    Target 'SmartPromptingShare' in project 'SmartPromptingiOS'
        ➜ Explicit dependency on target 'SmartPromptingCore' in project 'SmartPrompting'
    Target 'SmartPromptingKeyboard' in project 'SmartPromptingiOS'
        ➜ Explicit dependency on target 'SmartPromptingCore' in project 'SmartPrompting'
    Target 'SmartPromptingCore' in project 'SmartPrompting'
        ➜ Explicit dependency on target 'SmartPromptingCore' in project 'SmartPrompting'
        ➜ Explicit dependency on target 'GRDB' in project 'GRDB'
        ➜ Explicit dependency on target 'Yams' in project 'Yams'
    Target 'SmartPromptingCore' in project 'SmartPrompting'
        ➜ Explicit dependency on target 'GRDB' in project 'GRDB'
        ➜ Explicit dependency on target 'Yams' in project 'Yams'
    Target 'Yams' in project 'Yams'
        ➜ Explicit dependency on target 'Yams' in project 'Yams'
        ➜ Explicit dependency on target 'CYaml' in project 'Yams'
    Target 'Yams' in project 'Yams'
        ➜ Explicit dependency on target 'CYaml' in project 'Yams'
    Target 'CYaml' in project 'Yams' (no dependencies)
    Target 'GRDB' in project 'GRDB'
        ➜ Explicit dependency on target 'GRDB' in project 'GRDB'
        ➜ Explicit dependency on target 'GRDB_GRDB' in project 'GRDB'
    Target 'GRDB' in project 'GRDB'
        ➜ Explicit dependency on target 'GRDB_GRDB' in project 'GRDB'
        ➜ Explicit dependency on target 'CSQLite' in project 'GRDB'
    Target 'CSQLite' in project 'GRDB' (no dependencies)
    Target 'GRDB_GRDB' in project 'GRDB' (no dependencies)

GatherProvisioningInputs

CreateBuildDescription

ExecuteExternalTool /Applications/Xcode.app/Contents/Developer/Toolchains/XcodeDefault.xctoolchain/usr/bin/clang -v -E -dM -arch arm64 -isysroot /Applications/Xcode.app/Contents/Developer/Platforms/iPhoneOS.platform/Developer/SDKs/iPhoneOS26.4.sdk -x c -c /dev/null

ExecuteExternalTool /Applications/Xcode.app/Contents/Developer/Toolchains/XcodeDefault.xctoolchain/usr/bin/swiftc --version

ExecuteExternalTool /Applications/Xcode.app/Contents/Developer/Toolchains/XcodeDefault.xctoolchain/usr/bin/clang -v -E -dM -isysroot /Applications/Xcode.app/Contents/Developer/Platforms/iPhoneOS.platform/Developer/SDKs/iPhoneOS26.4.sdk -x c -c /dev/null

ExecuteExternalTool /Applications/Xcode.app/Contents/Developer/Toolchains/XcodeDefault.xctoolchain/usr/bin/ld -version_details

ReadFileContents /Applications/Xcode.app/Contents/Developer/Toolchains/XcodeDefault.xctoolchain/usr/share/docc/features.json

Build description signature: eb35c92fc9e98fa91bc97755f8337c57
Build description path: /Users/kip/Library/Developer/Xcode/DerivedData/SmartPromptingiOS-doxguuewwudgnkejneullpvrcwyt/Build/Intermediates.noindex/XCBuildData/eb35c92fc9e98fa91bc97755f8337c57.xcbuilddata
/Users/kip/workspace/smart-prompting/Apps/SmartPromptingiOS/SmartPromptingiOS.xcodeproj: error: No Account for Team "JBL7D7422X". Add a new account in Accounts settings or verify that your accounts have valid credentials. (in target 'SmartPromptingiOS' from project 'SmartPromptingiOS')
/Users/kip/workspace/smart-prompting/Apps/SmartPromptingiOS/SmartPromptingiOS.xcodeproj: error: No profiles for 'com.smartprompting.ios' were found: Xcode couldn't find any iOS App Development provisioning profiles matching 'com.smartprompting.ios'. (in target 'SmartPromptingiOS' from project 'SmartPromptingiOS')
/Users/kip/workspace/smart-prompting/Apps/SmartPromptingiOS/SmartPromptingiOS.xcodeproj: error: No Account for Team "JBL7D7422X". Add a new account in Accounts settings or verify that your accounts have valid credentials. (in target 'SmartPromptingKeyboard' from project 'SmartPromptingiOS')
/Users/kip/workspace/smart-prompting/Apps/SmartPromptingiOS/SmartPromptingiOS.xcodeproj: error: No profiles for 'com.smartprompting.ios.keyboard' were found: Xcode couldn't find any iOS App Development provisioning profiles matching 'com.smartprompting.ios.keyboard'. (in target 'SmartPromptingKeyboard' from project 'SmartPromptingiOS')
/Users/kip/workspace/smart-prompting/Apps/SmartPromptingiOS/SmartPromptingiOS.xcodeproj: error: No Account for Team "JBL7D7422X". Add a new account in Accounts settings or verify that your accounts have valid credentials. (in target 'SmartPromptingShare' from project 'SmartPromptingiOS')
/Users/kip/workspace/smart-prompting/Apps/SmartPromptingiOS/SmartPromptingiOS.xcodeproj: error: No profiles for 'com.smartprompting.ios.share' were found: Xcode couldn't find any iOS App Development provisioning profiles matching 'com.smartprompting.ios.share'. (in target 'SmartPromptingShare' from project 'SmartPromptingiOS')
** BUILD FAILED **


The following build commands failed:
	Building project SmartPromptingiOS with scheme SmartPromptingiOS and configuration Debug
(1 failure)
